// Jest Snapshot v1, https://goo.gl/fbAQLP

exports[`RegisterPage should render form field 1`] = `
Object {
  "asFragment": [Function],
  "baseElement": <body>
    <div>
      <div
        class="sc-iBkjds iHlPmN"
        display="flex"
      >
        <form
          class="form"
        >
          <div
            class="sc-gsnTZi jQsNiW"
          >
            <div
              class="sc-hKMtZM cvzMbn"
            >
              <label
                class="sc-eCYdqJ iJfSQE"
                for="username"
              >
                Username
              </label>
            </div>
            <input
              class="sc-bczRLJ cMprEc"
              id="username"
              name="username"
              type="text"
            />
          </div>
          <section
            class="nameFieldRow"
          >
            <div
              class="sc-gsnTZi jQsNiW"
            >
              <div
                class="sc-hKMtZM cvzMbn"
              >
                <label
                  class="sc-eCYdqJ iJfSQE"
                  for="firstName"
                >
                  First Name
                </label>
              </div>
              <input
                class="sc-bczRLJ cMprEc"
                id="firstName"
                name="firstName"
                type="text"
              />
            </div>
            <div
              class="sc-gsnTZi jQsNiW"
            >
              <div
                class="sc-hKMtZM cvzMbn"
              >
                <label
                  class="sc-eCYdqJ iJfSQE"
                  for="lastName"
                >
                  Last Name
                </label>
              </div>
              <input
                class="sc-bczRLJ cMprEc"
                id="lastName"
                name="lastName"
                type="text"
              />
            </div>
          </section>
          <div
            class="sc-gsnTZi jQsNiW"
          >
            <div
              class="sc-hKMtZM cvzMbn"
            >
              <label
                class="sc-eCYdqJ iJfSQE"
                for="password"
              >
                Password
              </label>
            </div>
            <input
              class="sc-bczRLJ cMprEc"
              id="password"
              name="password"
              type="password"
            />
          </div>
          <button
            class="sc-gKXOVf cPuKnl button"
          >
            Create My Account
          </button>
          <div
            class="footerText"
          >
            <span>
              Already have an account? 
            </span>
            <a
              href="/login"
            >
              <span>
                Login
              </span>
            </a>
          </div>
        </form>
      </div>
    </div>
  </body>,
  "container": <div>
    <div
      class="sc-iBkjds iHlPmN"
      display="flex"
    >
      <form
        class="form"
      >
        <div
          class="sc-gsnTZi jQsNiW"
        >
          <div
            class="sc-hKMtZM cvzMbn"
          >
            <label
              class="sc-eCYdqJ iJfSQE"
              for="username"
            >
              Username
            </label>
          </div>
          <input
            class="sc-bczRLJ cMprEc"
            id="username"
            name="username"
            type="text"
          />
        </div>
        <section
          class="nameFieldRow"
        >
          <div
            class="sc-gsnTZi jQsNiW"
          >
            <div
              class="sc-hKMtZM cvzMbn"
            >
              <label
                class="sc-eCYdqJ iJfSQE"
                for="firstName"
              >
                First Name
              </label>
            </div>
            <input
              class="sc-bczRLJ cMprEc"
              id="firstName"
              name="firstName"
              type="text"
            />
          </div>
          <div
            class="sc-gsnTZi jQsNiW"
          >
            <div
              class="sc-hKMtZM cvzMbn"
            >
              <label
                class="sc-eCYdqJ iJfSQE"
                for="lastName"
              >
                Last Name
              </label>
            </div>
            <input
              class="sc-bczRLJ cMprEc"
              id="lastName"
              name="lastName"
              type="text"
            />
          </div>
        </section>
        <div
          class="sc-gsnTZi jQsNiW"
        >
          <div
            class="sc-hKMtZM cvzMbn"
          >
            <label
              class="sc-eCYdqJ iJfSQE"
              for="password"
            >
              Password
            </label>
          </div>
          <input
            class="sc-bczRLJ cMprEc"
            id="password"
            name="password"
            type="password"
          />
        </div>
        <button
          class="sc-gKXOVf cPuKnl button"
        >
          Create My Account
        </button>
        <div
          class="footerText"
        >
          <span>
            Already have an account? 
          </span>
          <a
            href="/login"
          >
            <span>
              Login
            </span>
          </a>
        </div>
      </form>
    </div>
  </div>,
  "debug": [Function],
  "findAllByAltText": [Function],
  "findAllByDisplayValue": [Function],
  "findAllByLabelText": [Function],
  "findAllByPlaceholderText": [Function],
  "findAllByRole": [Function],
  "findAllByTestId": [Function],
  "findAllByText": [Function],
  "findAllByTitle": [Function],
  "findByAltText": [Function],
  "findByDisplayValue": [Function],
  "findByLabelText": [Function],
  "findByPlaceholderText": [Function],
  "findByRole": [Function],
  "findByTestId": [Function],
  "findByText": [Function],
  "findByTitle": [Function],
  "getAllByAltText": [Function],
  "getAllByDisplayValue": [Function],
  "getAllByLabelText": [Function],
  "getAllByPlaceholderText": [Function],
  "getAllByRole": [Function],
  "getAllByTestId": [Function],
  "getAllByText": [Function],
  "getAllByTitle": [Function],
  "getByAltText": [Function],
  "getByDisplayValue": [Function],
  "getByLabelText": [Function],
  "getByPlaceholderText": [Function],
  "getByRole": [Function],
  "getByTestId": [Function],
  "getByText": [Function],
  "getByTitle": [Function],
  "queryAllByAltText": [Function],
  "queryAllByDisplayValue": [Function],
  "queryAllByLabelText": [Function],
  "queryAllByPlaceholderText": [Function],
  "queryAllByRole": [Function],
  "queryAllByTestId": [Function],
  "queryAllByText": [Function],
  "queryAllByTitle": [Function],
  "queryByAltText": [Function],
  "queryByDisplayValue": [Function],
  "queryByLabelText": [Function],
  "queryByPlaceholderText": [Function],
  "queryByRole": [Function],
  "queryByTestId": [Function],
  "queryByText": [Function],
  "queryByTitle": [Function],
  "rerender": [Function],
  "unmount": [Function],
}
`;
